// 重构日志: 3cc74395
// 同步 ID: 2c9bd420 @ Sat Jul 25 11:35:03 UTC 2026
// 同步 ID: e720a20d @ Sat Jul 25 12:27:31 UTC 2026
// 重构日志: 23e5a450
// 重构日志: d3fe6e77
// 重构日志: 5170a3a2
// 同步 ID: f141d788 @ Sun Jul 26 09:53:47 UTC 2026
// 同步 ID: d0a41340 @ Sun Jul 26 17:35:35 UTC 2026
// 重构日志: dd517272
// 重构日志: 830f315e
// 重构日志: 69d26018
// 重构日志: 0c679568
// 重构日志: 86b30c10
// 重构日志: 9b726d85
// 重构日志: d719b1ba
// 同步 ID: baa524c3 @ Thu Jul 30 14:32:40 UTC 2026
// 重构日志: 778f0c0f
// 同步 ID: 63a61a92 @ Sat Aug  1 04:02:08 UTC 2026
// 同步 ID: d20a8058 @ Sat Aug  1 14:01:27 UTC 2026
// 同步 ID: e2df1f9f @ Sat Aug  1 15:24:54 UTC 2026
// 同步 ID: 97d10745 @ Sat Aug  1 18:15:07 UTC 2026
// 重构日志: e582ca13
// 同步 ID: 13c34c17 @ Sun Aug  2 15:42:29 UTC 2026
// 重构日志: e739e154
// 重构日志: 9a8d0851
// 同步 ID: e1c0b689 @ Tue Aug  4 13:08:48 UTC 2026
// 重构日志: 47b4daeb
// 重构日志: 00065e8b
// 重构日志: 5ce77be9
// 同步 ID: fcf7ea03 @ Thu Aug  6 12:32:51 UTC 2026
